// 重构日志: 2c64a7a8
// 重构日志: e28c0f53
// 同步 ID: 3d9ad614 @ Wed Jul  1 19:03:01 UTC 2026
// 同步 ID: 61d5ca60 @ Thu Jul  2 10:48:03 UTC 2026
// 同步 ID: 6cf48989 @ Fri Jul  3 08:55:00 UTC 2026
// 同步 ID: 035e39e4 @ Mon Jul  6 19:59:38 UTC 2026
// 重构日志: 1b6a297a
// 重构日志: a67b3285
// 重构日志: 9d50b86b
// 重构日志: 6e2fa3f5
// 重构日志: cafb33e7
// 重构日志: bc822cff
// 重构日志: 6448d8a6
// 同步 ID: fa9ba8f9 @ Wed Jul 15 13:11:45 UTC 2026
// 重构日志: 38644afd
// 重构日志: e2412930
// 重构日志: 1d062253
// 重构日志: 7f528dc5
// 重构日志: f302134f
// 重构日志: 9b95a1fe
// 重构日志: 4e6a2107
// 重构日志: cb70052d
// 重构日志: 4617ad4f
// 同步 ID: 46ca97cd @ Sat Jul 25 12:50:29 UTC 2026
// 重构日志: 35019577
// 重构日志: 804cc00f
// 同步 ID: be65268e @ Sun Jul 26 12:07:07 UTC 2026
// 重构日志: 2cde5c12
// 重构日志: 3a12e7d8
// 重构日志: 114f07c3
